// Jest Snapshot v1, https://goo.gl/fbAQLP

exports[`Icon.test.js has the expected html structure 1`] = `
<svg
  aria-hidden="true"
  class="large"
  xmlns="http://www.w3.org/2000/svg"
>
  <use
    xlink:href="#g-sync"
  />
</svg>
`;
