// Jest Snapshot v1, https://goo.gl/fbAQLP

exports[`Button.vue has the expected html structure 1`] = `
<button
  aria-label="ButtonTest"
  class="btn btn--text"
  title="ButtonTest"
>
  <!---->
   
  <span>
    ButtonTest
  </span>
</button>
`;
